<?xml version="1.0" encoding="UTF-8"?>
<testsuites name="jest tests" tests="4" failures="0" errors="0" time="1.991">
  <testsuite name="encript" errors="0" failures="0" skipped="0" timestamp="2025-07-29T12:58:14" time="0.898" tests="4">
    <testcase classname="encript should return correct encoded string for known input" name="encript should return correct encoded string for known input" time="0.005">
    </testcase>
    <testcase classname="encript should handle empty input" name="encript should handle empty input" time="0.001">
    </testcase>
    <testcase classname="encript should produce same result for same input" name="encript should produce same result for same input" time="0">
    </testcase>
    <testcase classname="encript should produce different output for different input" name="encript should produce different output for different input" time="0.001">
    </testcase>
  </testsuite>
</testsuites>